AR m4_1e_mxilinx_aff8seg behavioral "C:/TP Circuits/G12/compteur16bit/AFF8SEG.vhf" sub00/vhpl11 1267805887
EN clock NULL "C:/TP Circuits/G12/compteur16bit/CLOCK.vhf" sub00/vhpl20 1267805896
AR mux4_1_bus4 behavioral "C:/TP Circuits/G12/compteur16bit/Mux4_1_Bus4.vhf" sub00/vhpl03 1267805879
EN m2_1e_mxilinx_aff8seg NULL "C:/TP Circuits/G12/compteur16bit/AFF8SEG.vhf" sub00/vhpl08 1267805884
EN d2_4e_mxilinx_aff8seg NULL "C:/TP Circuits/G12/compteur16bit/AFF8SEG.vhf" sub00/vhpl12 1267805888
EN compt NULL "C:/TP Circuits/G12/compteur16bit/compt.vhf" sub00/vhpl26 1267805902
AR aff8seg behavioral "C:/TP Circuits/G12/compteur16bit/AFF8SEG.vhf" sub00/vhpl15 1267805891
EN aff8seg NULL "C:/TP Circuits/G12/compteur16bit/AFF8SEG.vhf" sub00/vhpl14 1267805890
EN ftce_mxilinx_clock NULL "C:/TP Circuits/G12/compteur16bit/CLOCK.vhf" sub00/vhpl16 1267805892
AR d2_4e_mxilinx_aff8seg behavioral "C:/TP Circuits/G12/compteur16bit/AFF8SEG.vhf" sub00/vhpl13 1267805889
AR dec7seg behavioral "C:/TP Circuits/G12/compteur16bit/DEC7SEG.vhf" sub00/vhpl01 1267805877
EN ftce_mxilinx_compt NULL "C:/TP Circuits/G12/compteur16bit/compt.vhf" sub00/vhpl22 1267805898
EN m4_1e_mxilinx_aff8seg NULL "C:/TP Circuits/G12/compteur16bit/AFF8SEG.vhf" sub00/vhpl10 1267805886
AR cb2ce_mxilinx_aff8seg behavioral "C:/TP Circuits/G12/compteur16bit/AFF8SEG.vhf" sub00/vhpl07 1267805883
AR m2_1e_mxilinx_aff8seg behavioral "C:/TP Circuits/G12/compteur16bit/AFF8SEG.vhf" sub00/vhpl09 1267805885
AR ftce_mxilinx_clock behavioral "C:/TP Circuits/G12/compteur16bit/CLOCK.vhf" sub00/vhpl17 1267805893
AR clock behavioral "C:/TP Circuits/G12/compteur16bit/CLOCK.vhf" sub00/vhpl21 1267805897
EN dec7seg NULL "C:/TP Circuits/G12/compteur16bit/DEC7SEG.vhf" sub00/vhpl00 1267805876
AR cb16ce_mxilinx_clock behavioral "C:/TP Circuits/G12/compteur16bit/CLOCK.vhf" sub00/vhpl19 1267805895
EN ftce_mxilinx_aff8seg NULL "C:/TP Circuits/G12/compteur16bit/AFF8SEG.vhf" sub00/vhpl04 1267805880
EN cb16ce_mxilinx_clock NULL "C:/TP Circuits/G12/compteur16bit/CLOCK.vhf" sub00/vhpl18 1267805894
EN cb16ce_mxilinx_compt NULL "C:/TP Circuits/G12/compteur16bit/compt.vhf" sub00/vhpl24 1267805900
AR ftce_mxilinx_compt behavioral "C:/TP Circuits/G12/compteur16bit/compt.vhf" sub00/vhpl23 1267805899
AR compt behavioral "C:/TP Circuits/G12/compteur16bit/compt.vhf" sub00/vhpl27 1267805903
AR cb16ce_mxilinx_compt behavioral "C:/TP Circuits/G12/compteur16bit/compt.vhf" sub00/vhpl25 1267805901
EN mux4_1_bus4 NULL "C:/TP Circuits/G12/compteur16bit/Mux4_1_Bus4.vhf" sub00/vhpl02 1267805878
AR ftce_mxilinx_aff8seg behavioral "C:/TP Circuits/G12/compteur16bit/AFF8SEG.vhf" sub00/vhpl05 1267805881
EN cb2ce_mxilinx_aff8seg NULL "C:/TP Circuits/G12/compteur16bit/AFF8SEG.vhf" sub00/vhpl06 1267805882
